// Jest Snapshot v1, https://goo.gl/fbAQLP

exports[`Should withDelayedHover render correctly 1`] = `<div />`;
