// Jest Snapshot v1, https://goo.gl/fbAQLP

exports[`Should Main render correctly 1`] = `
Array [
  <section
    className="movie-card"
  >
    <div
      className="movie-card__bg"
    >
      <img
        alt="The Aviator"
        src="/img/aviator.jpg"
      />
    </div>
    <h1
      className="visually-hidden"
    >
      WTW
    </h1>
    <header
      className="page-header movie-card__head"
    >
      <div
        className="logo"
      >
        <a
          className="logo__link"
          href="/"
          onClick={[Function]}
        >
          <span
            className="logo__letter logo__letter--1"
          >
            W
          </span>
          <span
            className="logo__letter logo__letter--2"
          >
            T
          </span>
          <span
            className="logo__letter logo__letter--3"
          >
            W
          </span>
        </a>
      </div>
      <div
        className="user-block"
      >
        <a
          className="user-block__link"
          href="/login"
          onClick={[Function]}
        >
          Sign in
        </a>
      </div>
    </header>
    <div
      className="movie-card__wrap"
    >
      <div
        className="movie-card__info"
      >
        <div
          className="movie-card__poster"
        >
          <img
            alt="The Aviator"
            height="327"
            src="/img/aviator-poster.png"
            width="218"
          />
        </div>
        <div
          className="movie-card__desc"
        >
          <h2
            className="movie-card__title"
          >
            The Aviator
          </h2>
          <p
            className="movie-card__meta"
          >
            <span
              className="movie-card__genre"
            >
              Biography
            </span>
            <span
              className="movie-card__year"
            >
              2004
            </span>
          </p>
          <div
            className="movie-card__buttons"
          >
            <button
              className="btn btn--play movie-card__button"
              onClick={[Function]}
              type="button"
            >
              <svg
                height="19"
                viewBox="0 0 19 19"
                width="19"
              >
                <use
                  xlinkHref="#play-s"
                />
              </svg>
              <span>
                Play
              </span>
            </button>
            <button
              className="btn btn--list movie-card__button"
              onClick={[Function]}
              type="button"
            >
              <svg
                height="14"
                viewBox="0 0 18 14"
                width="18"
              >
                <use
                  xlinkHref="#in-list"
                />
              </svg>
              <span>
                My list
              </span>
            </button>
          </div>
        </div>
      </div>
    </div>
  </section>,
  <div
    className="page-content"
  >
    <section
      className="catalog"
    >
      <h2
        className="catalog__title visually-hidden"
      >
        Catalog
      </h2>
      <ul
        className="catalog__genres-list"
      >
        <li
          className="catalog__genres-item"
        >
          <a
            className="catalog__genres-link"
            href="#"
            onClick={[Function]}
          >
            All genres
          </a>
        </li>
        <li
          className="catalog__genres-item"
        >
          <a
            className="catalog__genres-link"
            href="#"
            onClick={[Function]}
          >
            Adventure
          </a>
        </li>
        <li
          className="catalog__genres-item"
        >
          <a
            className="catalog__genres-link"
            href="#"
            onClick={[Function]}
          >
            Biography
          </a>
        </li>
        <li
          className="catalog__genres-item"
        >
          <a
            className="catalog__genres-link"
            href="#"
            onClick={[Function]}
          >
            Comedy
          </a>
        </li>
      </ul>
      <div
        className="catalog__movies-list"
      >
        <article
          className="small-movie-card catalog__movies-card"
          onClick={[Function]}
          onMouseEnter={[Function]}
          onMouseLeave={[Function]}
          style={
            Object {
              "backgroundColor": "#ffffff",
            }
          }
        >
          <div
            className="small-movie-card__image"
          >
            <video
              disabled={true}
              height={175}
              muted={true}
              poster="/url/to/image.png"
              width={280}
            />
          </div>
          <h3
            className="small-movie-card__title"
          >
            <a
              className="small-movie-card__link"
            >
              The Aviator
            </a>
          </h3>
        </article>
        <article
          className="small-movie-card catalog__movies-card"
          onClick={[Function]}
          onMouseEnter={[Function]}
          onMouseLeave={[Function]}
          style={
            Object {
              "backgroundColor": "#000000",
            }
          }
        >
          <div
            className="small-movie-card__image"
          >
            <video
              disabled={true}
              height={175}
              muted={true}
              poster="/url/to/image.png"
              width={280}
            />
          </div>
          <h3
            className="small-movie-card__title"
          >
            <a
              className="small-movie-card__link"
            >
              The Grand Budapest Hotel
            </a>
          </h3>
        </article>
        <article
          className="small-movie-card catalog__movies-card"
          onClick={[Function]}
          onMouseEnter={[Function]}
          onMouseLeave={[Function]}
          style={
            Object {
              "backgroundColor": "#ff00ff",
            }
          }
        >
          <div
            className="small-movie-card__image"
          >
            <video
              disabled={true}
              height={175}
              muted={true}
              poster="/url/to/image.png"
              width={280}
            />
          </div>
          <h3
            className="small-movie-card__title"
          >
            <a
              className="small-movie-card__link"
            >
              Bohemian Rhapsody
            </a>
          </h3>
        </article>
        <article
          className="small-movie-card catalog__movies-card"
          onClick={[Function]}
          onMouseEnter={[Function]}
          onMouseLeave={[Function]}
          style={
            Object {
              "backgroundColor": "#ff0000",
            }
          }
        >
          <div
            className="small-movie-card__image"
          >
            <video
              disabled={true}
              height={175}
              muted={true}
              poster="/url/to/image.png"
              width={280}
            />
          </div>
          <h3
            className="small-movie-card__title"
          >
            <a
              className="small-movie-card__link"
            >
              Fantastic Beasts: The Crimes of Grindelwald
            </a>
          </h3>
        </article>
      </div>
    </section>
    <footer
      className="page-footer"
    >
      <div
        className="logo"
      >
        <a
          className="logo__link logo__link--light"
          href="/"
          onClick={[Function]}
        >
          <span
            className="logo__letter logo__letter--1"
          >
            W
          </span>
          <span
            className="logo__letter logo__letter--2"
          >
            T
          </span>
          <span
            className="logo__letter logo__letter--3"
          >
            W
          </span>
        </a>
      </div>
      <div
        className="copyright"
      >
        <p>
          Â© 2019 What to watch Ltd.
        </p>
      </div>
    </footer>
  </div>,
]
`;
