// Jest Snapshot v1, https://goo.gl/fbAQLP

exports[`Should withActiveTab render correctly 1`] = `<div />`;
