// Jest Snapshot v1, https://goo.gl/fbAQLP

exports[`Should withPlayer render correctly 1`] = `<div />`;
